------------------------------------------------------------
Timing Analyzer Summary
------------------------------------------------------------

Type  : Slow 1200mV 85C Model Setup 'CK_50M'
Slack : -11.140
TNS   : -827.991

Type  : Slow 1200mV 85C Model Setup 'i2s_transceiver:inst1|ws_int'
Slack : -1.870
TNS   : -2906.487

Type  : Slow 1200mV 85C Model Setup 'i2c_cntrl:inst3|pack_end'
Slack : -0.179
TNS   : -0.272

Type  : Slow 1200mV 85C Model Hold 'CK_50M'
Slack : -0.002
TNS   : -0.002

Type  : Slow 1200mV 85C Model Hold 'i2s_transceiver:inst1|ws_int'
Slack : 0.356
TNS   : 0.000

Type  : Slow 1200mV 85C Model Hold 'i2c_cntrl:inst3|pack_end'
Slack : 0.357
TNS   : 0.000

Type  : Slow 1200mV 85C Model Recovery 'CK_50M'
Slack : -1.779
TNS   : -137.751

Type  : Slow 1200mV 85C Model Removal 'CK_50M'
Slack : 0.906
TNS   : 0.000

Type  : Slow 1200mV 85C Model Minimum Pulse Width 'CK_50M'
Slack : -3.000
TNS   : -216.000

Type  : Slow 1200mV 85C Model Minimum Pulse Width 'i2s_transceiver:inst1|ws_int'
Slack : -1.000
TNS   : -8212.000

Type  : Slow 1200mV 85C Model Minimum Pulse Width 'i2c_cntrl:inst3|pack_end'
Slack : -1.000
TNS   : -4.000

Type  : Slow 1200mV 0C Model Setup 'CK_50M'
Slack : -9.830
TNS   : -724.677

Type  : Slow 1200mV 0C Model Setup 'i2s_transceiver:inst1|ws_int'
Slack : -1.607
TNS   : -1948.365

Type  : Slow 1200mV 0C Model Setup 'i2c_cntrl:inst3|pack_end'
Slack : -0.054
TNS   : -0.054

Type  : Slow 1200mV 0C Model Hold 'CK_50M'
Slack : 0.008
TNS   : 0.000

Type  : Slow 1200mV 0C Model Hold 'i2s_transceiver:inst1|ws_int'
Slack : 0.310
TNS   : 0.000

Type  : Slow 1200mV 0C Model Hold 'i2c_cntrl:inst3|pack_end'
Slack : 0.312
TNS   : 0.000

Type  : Slow 1200mV 0C Model Recovery 'CK_50M'
Slack : -1.486
TNS   : -108.490

Type  : Slow 1200mV 0C Model Removal 'CK_50M'
Slack : 0.837
TNS   : 0.000

Type  : Slow 1200mV 0C Model Minimum Pulse Width 'CK_50M'
Slack : -3.000
TNS   : -216.000

Type  : Slow 1200mV 0C Model Minimum Pulse Width 'i2s_transceiver:inst1|ws_int'
Slack : -1.000
TNS   : -8212.000

Type  : Slow 1200mV 0C Model Minimum Pulse Width 'i2c_cntrl:inst3|pack_end'
Slack : -1.000
TNS   : -4.000

Type  : Fast 1200mV 0C Model Setup 'CK_50M'
Slack : -6.037
TNS   : -378.116

Type  : Fast 1200mV 0C Model Setup 'i2s_transceiver:inst1|ws_int'
Slack : -0.758
TNS   : -168.060

Type  : Fast 1200mV 0C Model Setup 'i2c_cntrl:inst3|pack_end'
Slack : 0.331
TNS   : 0.000

Type  : Fast 1200mV 0C Model Hold 'CK_50M'
Slack : -0.063
TNS   : -0.063

Type  : Fast 1200mV 0C Model Hold 'i2s_transceiver:inst1|ws_int'
Slack : 0.109
TNS   : 0.000

Type  : Fast 1200mV 0C Model Hold 'i2c_cntrl:inst3|pack_end'
Slack : 0.186
TNS   : 0.000

Type  : Fast 1200mV 0C Model Recovery 'CK_50M'
Slack : -0.655
TNS   : -26.690

Type  : Fast 1200mV 0C Model Removal 'CK_50M'
Slack : 0.485
TNS   : 0.000

Type  : Fast 1200mV 0C Model Minimum Pulse Width 'CK_50M'
Slack : -3.000
TNS   : -228.611

Type  : Fast 1200mV 0C Model Minimum Pulse Width 'i2s_transceiver:inst1|ws_int'
Slack : -1.000
TNS   : -8212.000

Type  : Fast 1200mV 0C Model Minimum Pulse Width 'i2c_cntrl:inst3|pack_end'
Slack : -1.000
TNS   : -4.000

------------------------------------------------------------
