------------------------------------------------------------
Timing Analyzer Summary
------------------------------------------------------------

Type  : Slow 1200mV 85C Model Setup 'CK_50M'
Slack : -6.362
TNS   : -944.669

Type  : Slow 1200mV 85C Model Setup 'i2s_transceiver:inst1|ws_int'
Slack : -1.818
TNS   : -64.175

Type  : Slow 1200mV 85C Model Setup 'i2c_cntrl:inst3|pack_end'
Slack : -0.057
TNS   : -0.114

Type  : Slow 1200mV 85C Model Hold 'CK_50M'
Slack : -0.055
TNS   : -0.055

Type  : Slow 1200mV 85C Model Hold 'i2s_transceiver:inst1|ws_int'
Slack : -0.048
TNS   : -0.048

Type  : Slow 1200mV 85C Model Hold 'i2c_cntrl:inst3|pack_end'
Slack : 0.358
TNS   : 0.000

Type  : Slow 1200mV 85C Model Recovery 'CK_50M'
Slack : -1.625
TNS   : -258.531

Type  : Slow 1200mV 85C Model Removal 'CK_50M'
Slack : 0.938
TNS   : 0.000

Type  : Slow 1200mV 85C Model Minimum Pulse Width 'CK_50M'
Slack : -3.000
TNS   : -256.000

Type  : Slow 1200mV 85C Model Minimum Pulse Width 'i2s_transceiver:inst1|ws_int'
Slack : -2.174
TNS   : -98.960

Type  : Slow 1200mV 85C Model Minimum Pulse Width 'i2c_cntrl:inst3|pack_end'
Slack : -1.000
TNS   : -4.000

Type  : Slow 1200mV 0C Model Setup 'CK_50M'
Slack : -5.636
TNS   : -827.031

Type  : Slow 1200mV 0C Model Setup 'i2s_transceiver:inst1|ws_int'
Slack : -1.511
TNS   : -53.311

Type  : Slow 1200mV 0C Model Setup 'i2c_cntrl:inst3|pack_end'
Slack : 0.057
TNS   : 0.000

Type  : Slow 1200mV 0C Model Hold 'CK_50M'
Slack : -0.044
TNS   : -0.044

Type  : Slow 1200mV 0C Model Hold 'i2s_transceiver:inst1|ws_int'
Slack : -0.009
TNS   : -0.009

Type  : Slow 1200mV 0C Model Hold 'i2c_cntrl:inst3|pack_end'
Slack : 0.312
TNS   : 0.000

Type  : Slow 1200mV 0C Model Recovery 'CK_50M'
Slack : -1.335
TNS   : -208.881

Type  : Slow 1200mV 0C Model Removal 'CK_50M'
Slack : 0.845
TNS   : 0.000

Type  : Slow 1200mV 0C Model Minimum Pulse Width 'CK_50M'
Slack : -3.000
TNS   : -256.000

Type  : Slow 1200mV 0C Model Minimum Pulse Width 'i2s_transceiver:inst1|ws_int'
Slack : -2.174
TNS   : -98.960

Type  : Slow 1200mV 0C Model Minimum Pulse Width 'i2c_cntrl:inst3|pack_end'
Slack : -1.000
TNS   : -4.000

Type  : Fast 1200mV 0C Model Setup 'CK_50M'
Slack : -3.165
TNS   : -420.689

Type  : Fast 1200mV 0C Model Setup 'i2s_transceiver:inst1|ws_int'
Slack : -0.607
TNS   : -14.997

Type  : Fast 1200mV 0C Model Setup 'i2c_cntrl:inst3|pack_end'
Slack : 0.402
TNS   : 0.000

Type  : Fast 1200mV 0C Model Hold 'i2s_transceiver:inst1|ws_int'
Slack : -0.094
TNS   : -0.233

Type  : Fast 1200mV 0C Model Hold 'CK_50M'
Slack : -0.007
TNS   : -0.007

Type  : Fast 1200mV 0C Model Hold 'i2c_cntrl:inst3|pack_end'
Slack : 0.186
TNS   : 0.000

Type  : Fast 1200mV 0C Model Recovery 'CK_50M'
Slack : -0.544
TNS   : -77.224

Type  : Fast 1200mV 0C Model Removal 'CK_50M'
Slack : 0.513
TNS   : 0.000

Type  : Fast 1200mV 0C Model Minimum Pulse Width 'CK_50M'
Slack : -3.000
TNS   : -271.335

Type  : Fast 1200mV 0C Model Minimum Pulse Width 'i2s_transceiver:inst1|ws_int'
Slack : -1.000
TNS   : -52.000

Type  : Fast 1200mV 0C Model Minimum Pulse Width 'i2c_cntrl:inst3|pack_end'
Slack : -1.000
TNS   : -4.000

------------------------------------------------------------
